// Jest Snapshot v1, https://goo.gl/fbAQLP

exports[`renders empty battery 1`] = `"<div class=\\"battery-icon\\" style=\\"width: 100px;\\"><svg viewBox=\\"0 0 100 50\\"></svg></div>"`;
